$ cd /workspace/frontend && npm run build

> routix-frontend@0.1.0 build
> next build

sh: 1: next: not found
$ cd /workspace/frontend && ls -la

total 428563
drwxr-xr-x   78 root root  65302528 Oct  8 04:49 .
drwxr-xr-x 1059 root root 308273152 Oct  8 10:38 ..
-rw-r--r--    1 root root       199 Oct  8 03:39 .env.local
drwxr-xr-x   49 root root  64946176 Oct  8 04:36 .next
drwxr-xr-x    6 root root     20480 Oct  8 04:32 app
drwxr-xr-x    9 root root     45056 Oct  8 04:32 components
drwxr-xr-x    3 root root      8192 Oct  8 04:32 hooks
drwxr-xr-x    5 root root     16384 Oct  8 03:49 lib
-rw-r--r--    1 root root       201 Oct  8 04:36 next-env.d.ts
-rw-r--r--    1 root root       137 Oct  8 04:32 next.config.js
drwxr-xr-x    2 root root      4096 Oct  8 04:49 node_modules
-rw-r--r--    1 root root    226112 Oct  8 04:35 package-lock.json
-rw-r--r--    1 root root      1015 Oct  8 04:35 package.json
-rw-r--r--    1 root root        81 Oct  8 03:49 postcss.config.js
-rw-r--r--    1 root root      1171 Oct  8 03:39 tailwind.config.ts
-rw-r--r--    1 root root       611 Oct  8 03:49 tsconfig.json
$ cd /workspace/frontend && cat package.json

{
  "name": "routix-frontend",
  "version": "0.1.0",
  "private": true,
  "scripts": {
    "dev": "next dev",
    "build": "next build",
    "start": "next start",
    "lint": "next lint"
  },
  "dependencies": {
    "@tanstack/react-query": "^5.0.0",
    "@types/react-dom": "^18",
    "autoprefixer": "^10.0.1",
    "axios": "^1.6.0",
    "clsx": "^2.0.0",
    "eslint": "^8",
    "eslint-config-next": "14.2.5",
    "framer-motion": "^10.16.0",
    "lucide-react": "^0.292.0",
    "next": "^14.2.5",
    "next-auth": "^4.24.0",
    "postcss": "^8",
    "react": "^18.3.1",
    "react-dom": "^18.3.1",
    "react-dropzone": "^14.2.0",
    "react-hook-form": "^7.47.0",
    "recharts": "^2.8.0",
    "socket.io-client": "^4.7.0",
    "sonner": "^1.2.0",
    "tailwind-merge": "^2.0.0",
    "tailwindcss": "^3.3.0",
    "zod": "^3.22.0",
    "zustand": "^4.4.0"
  },
  "devDependencies": {
    "@types/node": "20.19.19",
    "@types/react": "18.3.26",
    "@types/react-dom": "^18",
    "typescript": "5.9.3"
  }
}
$ cd /workspace/frontend && npm install

npm WARN deprecated inflight@1.0.6: This module is not supported, and leaks memory. Do not use it. Check out lru-cache if you want a good and tested way to coalesce async requests by a key value, which is much more comprehensive and powerful.
npm WARN deprecated rimraf@3.0.2: Rimraf versions prior to v4 are no longer supported
npm WARN deprecated @humanwhocodes/object-schema@2.0.3: Use @eslint/object-schema instead
npm WARN deprecated @humanwhocodes/config-array@0.13.0: Use @eslint/config-array instead
npm WARN deprecated glob@7.2.3: Glob versions prior to v9 are no longer supported
npm WARN deprecated eslint@8.57.1: This version is no longer supported. Please see https://eslint.org/version-support for other options.

added 467 packages, and audited 468 packages in 3m

159 packages are looking for funding
  run `npm fund` for details

1 critical severity vulnerability

To address all issues, run:
  npm audit fix

Run `npm audit` for details.
npm notice 
npm notice New major version of npm available! 10.2.4 -> 11.6.1
npm notice Changelog: <https://github.com/npm/cli/releases/tag/v11.6.1>
npm notice Run `npm install -g npm@11.6.1` to update!
npm notice 
$ cd /workspace/frontend && npm run build


> routix-frontend@0.1.0 build
> next build

  â–² Next.js 14.2.5
  - Environments: .env.local

   Creating an optimized production build ...
Failed to compile.

./components/chat/ChatInterface.tsx
Module not found: Can't resolve '@/hooks/usePolling'

https://nextjs.org/docs/messages/module-not-found

Import trace for requested module:
./app/chat/page.tsx


> Build failed because of webpack errors
$ cd /workspace/frontend && npm run build


> routix-frontend@0.1.0 build
> next build

  â–² Next.js 14.2.5
  - Environments: .env.local

   Creating an optimized production build ...
 âœ“ Compiled successfully
   Linting and checking validity of types ...
Failed to compile.

./components/chat/ChatInterface.tsx:273:36
Type error: Type 'Message' is not assignable to type 'Message'. Two different types with this name exist, but they are unrelated.
  Types of property 'result' are incompatible.
    Type '{ image_url?: string | undefined; processing_time?: number | undefined; } | undefined' is not assignable to type '{ thumbnail_url: string; title: string; } | undefined'.
      Type '{ image_url?: string | undefined; processing_time?: number | undefined; }' is missing the following properties from type '{ thumbnail_url: string; title: string; }': thumbnail_url, title

[0m [90m 271 |[39m                 {messages[33m.[39mmap((message) [33m=>[39m ([0m
[0m [90m 272 |[39m                   [33m<[39m[33mdiv[39m key[33m=[39m{message[33m.[39mid}[33m>[39m[0m
[0m[31m[1m>[22m[39m[90m 273 |[39m                     [33m<[39m[33mMessageBubble[39m message[33m=[39m{message} [33m/[39m[33m>[39m[0m
[0m [90m     |[39m                                    [31m[1m^[22m[39m[0m
[0m [90m 274 |[39m                     [0m
[0m [90m 275 |[39m                     {[90m/* Show progress indicator for active generations */[39m}[0m
[0m [90m 276 |[39m                     {message[33m.[39mgenerationId [33m&&[39m message[33m.[39mstatus [33m===[39m [32m'processing'[39m [33m&&[39m ([0m
$ cd /workspace/frontend && npm run build


> routix-frontend@0.1.0 build
> next build

  â–² Next.js 14.2.5
  - Environments: .env.local

   Creating an optimized production build ...
 âœ“ Compiled successfully
   Linting and checking validity of types ...
Failed to compile.

./hooks/usePolling.ts:13:17
Type error: Property 'data' does not exist on type 'Query<AxiosResponse<any, any, {}>, Error, AxiosResponse<any, any, {}>, string[]>'.

[0m [90m 11 |[39m     refetchInterval[33m:[39m (data) [33m=>[39m {[0m
[0m [90m 12 |[39m       [90m// Stop polling when completed or failed[39m[0m
[0m[31m[1m>[22m[39m[90m 13 |[39m       [36mif[39m (data[33m?[39m[33m.[39mdata[33m?[39m[33m.[39mstatus [33m===[39m [32m'completed'[39m [33m||[39m data[33m?[39m[33m.[39mdata[33m?[39m[33m.[39mstatus [33m===[39m [32m'failed'[39m) {[0m
[0m [90m    |[39m                 [31m[1m^[22m[39m[0m
[0m [90m 14 |[39m         setIsCompleted([36mtrue[39m)[0m
[0m [90m 15 |[39m         [36mreturn[39m [36mfalse[39m[0m
[0m [90m 16 |[39m       }[0m
$ cd /workspace/frontend && npm run build


> routix-frontend@0.1.0 build
> next build

  â–² Next.js 14.2.5
  - Environments: .env.local

   Creating an optimized production build ...
 âœ“ Compiled successfully
   Linting and checking validity of types ...
Failed to compile.

./components/admin/UploadZone.tsx:120:8
Type error: Type '{ children: Element[]; className: string; refKey?: string | undefined; defaultChecked?: boolean | undefined; defaultValue?: string | number | readonly string[] | undefined; suppressContentEditableWarning?: boolean | undefined; ... 273 more ...; whileTap: { ...; }; }' is not assignable to type 'MotionProps'.
  Types of property 'onAnimationStart' are incompatible.
    Type 'AnimationEventHandler<HTMLElement> | undefined' is not assignable to type '((definition: AnimationDefinition) => void) | undefined'.
      Type 'AnimationEventHandler<HTMLElement>' is not assignable to type '(definition: AnimationDefinition) => void'.
        Types of parameters 'event' and 'definition' are incompatible.
          Type 'AnimationDefinition' is not assignable to type 'AnimationEvent<HTMLElement>'.
            Type 'string' is not assignable to type 'AnimationEvent<HTMLElement>'.

[0m [90m 118 |[39m     [33m<[39m[33mdiv[39m className[33m=[39m[32m"space-y-6"[39m[33m>[39m[0m
[0m [90m 119 |[39m       {[90m/* Drop Zone */[39m}[0m
[0m[31m[1m>[22m[39m[90m 120 |[39m       [33m<[39m[33mmotion[39m[33m.[39mdiv[0m
[0m [90m     |[39m        [31m[1m^[22m[39m[0m
[0m [90m 121 |[39m         whileHover[33m=[39m{{ scale[33m:[39m [35m1.01[39m }}[0m
[0m [90m 122 |[39m         whileTap[33m=[39m{{ scale[33m:[39m [35m0.99[39m }}[0m
[0m [90m 123 |[39m         {[33m...[39mgetRootProps()}[0m
$ cd /workspace/frontend && npm run build


> routix-frontend@0.1.0 build
> next build

  â–² Next.js 14.2.5
  - Environments: .env.local

   Creating an optimized production build ...
 âœ“ Compiled successfully
   Linting and checking validity of types ...
Failed to compile.

./app/admin/templates/page.tsx:334:12
Type error: Cannot find name 'FileImage'.

[0m [90m 332 |[39m       ) [33m:[39m ([0m
[0m [90m 333 |[39m         [33m<[39m[33mGlassCard[39m className[33m=[39m[32m"p-12 text-center"[39m[33m>[39m[0m
[0m[31m[1m>[22m[39m[90m 334 |[39m           [33m<[39m[33mFileImage[39m className[33m=[39m[32m"w-16 h-16 text-text-muted mx-auto mb-4"[39m [33m/[39m[33m>[39m[0m
[0m [90m     |[39m            [31m[1m^[22m[39m[0m
[0m [90m 335 |[39m           [33m<[39m[33mh3[39m className[33m=[39m[32m"text-xl font-semibold text-text-primary mb-2"[39m[33m>[39m[0m
[0m [90m 336 |[39m             [33mNo[39m templates found[0m
[0m [90m 337 |[39m           [33m<[39m[33m/[39m[33mh3[39m[33m>[39m[0m
$ cd /workspace/frontend && npm run build


> routix-frontend@0.1.0 build
> next build

  â–² Next.js 14.2.5
  - Environments: .env.local

   Creating an optimized production build ...
 âœ“ Compiled successfully
   Linting and checking validity of types ...
Failed to compile.

./lib/api.ts:54:43
Type error: Property 'detail' does not exist on type '{}'.

[0m [90m 52 |[39m     [0m
[0m [90m 53 |[39m     [90m// Show error toast[39m[0m
[0m[31m[1m>[22m[39m[90m 54 |[39m     [36mconst[39m message [33m=[39m error[33m.[39mresponse[33m?[39m[33m.[39mdata[33m?[39m[33m.[39mdetail [33m||[39m [32m'An error occurred'[39m[0m
[0m [90m    |[39m                                           [31m[1m^[22m[39m[0m
[0m [90m 55 |[39m     toast[33m.[39merror(message)[0m
[0m [90m 56 |[39m     [0m
[0m [90m 57 |[39m     [36mreturn[39m [33mPromise[39m[33m.[39mreject(error)[0m
$ cd /workspace/frontend && npm run build


> routix-frontend@0.1.0 build
> next build

  â–² Next.js 14.2.5
  - Environments: .env.local

   Creating an optimized production build ...
 âœ“ Compiled successfully
   Linting and checking validity of types ...
   Collecting page data ...
   Generating static pages (0/9) ...
   Generating static pages (2/9) 
   Generating static pages (4/9) 
   Generating static pages (6/9) 
 âœ“ Generating static pages (9/9)
   Finalizing page optimization ...
   Collecting build traces ...

Route (app)                              Size     First Load JS
â”Œ â—‹ /                                    181 B           184 kB
â”œ â—‹ /_not-found                          871 B            88 kB
â”œ â—‹ /admin                               3.59 kB         160 kB
â”œ â—‹ /admin/templates                     23.8 kB         180 kB
â”œ â—‹ /chat                                284 B           184 kB
â”œ â—‹ /login                               3.78 kB         167 kB
â”” â—‹ /register                            4.28 kB         168 kB
+ First Load JS shared by all            87.1 kB
  â”œ chunks/23-216bbd28c3a94c63.js        31.5 kB
  â”œ chunks/fd9d1056-0833d4113df4c4eb.js  53.6 kB
  â”” other shared chunks (total)          1.96 kB


Æ’ Middleware                             27 kB

â—‹  (Static)  prerendered as static content

$ cd /workspace/frontend && npm run build


> routix-frontend@0.1.0 build
> next build

  â–² Next.js 14.2.5
  - Environments: .env.local

   Creating an optimized production build ...
 âœ“ Compiled successfully
   Linting and checking validity of types ...
   Collecting page data ...
   Generating static pages (0/10) ...
   Generating static pages (2/10) 
   Generating static pages (4/10) 
   Generating static pages (7/10) 
 âœ“ Generating static pages (10/10)
   Finalizing page optimization ...
   Collecting build traces ...

Route (app)                              Size     First Load JS
â”Œ â—‹ /                                    181 B           184 kB
â”œ â—‹ /_not-found                          871 B            88 kB
â”œ â—‹ /admin                               3.6 kB          160 kB
â”œ â—‹ /admin/templates                     23.8 kB         180 kB
â”œ â—‹ /chat                                284 B           184 kB
â”œ â—‹ /history                             12.9 kB         170 kB
â”œ â—‹ /login                               3.78 kB         167 kB
â”” â—‹ /register                            4.29 kB         168 kB
+ First Load JS shared by all            87.1 kB
  â”œ chunks/23-216bbd28c3a94c63.js        31.5 kB
  â”œ chunks/fd9d1056-0833d4113df4c4eb.js  53.6 kB
  â”” other shared chunks (total)          1.96 kB


Æ’ Middleware                             27 kB

â—‹  (Static)  prerendered as static content

