$ mkdir -p /workspace/backend/{app/{core,models,schemas,api/{v1/endpoints},services,workers,utils},alembic/versions,scripts,tests}
$ cd /workspace/backend && find . -type d

.
./alembic
./alembic/versions
./app
./app/api
./app/api/{v1
./app/api/{v1/endpoints}
./app/core
./app/models
./app/schemas
./app/services
./app/utils
./app/workers
./scripts
./tests
$ which psql || echo "PostgreSQL not found, installing..."

PostgreSQL not found, installing...
$ apt-get update && apt-get install -y postgresql-15 postgresql-contrib-15 postgresql-15-pgvector

E: setgroups 65534 failed - setgroups (1: Operation not permitted)
E: setegid 65534 failed - setegid (22: Invalid argument)
E: seteuid 100 failed - seteuid (22: Invalid argument)
E: setgroups 0 failed - setgroups (1: Operation not permitted)
rm: cannot remove '/var/cache/apt/archives/partial/*.deb': Permission denied
Reading package lists...
W: chown to _apt:root of directory /var/lib/apt/lists/partial failed - SetupAPTPartialDirectory (22: Invalid argument)
W: chown to _apt:root of directory /var/lib/apt/lists/auxfiles failed - SetupAPTPartialDirectory (22: Invalid argument)
E: setgroups 65534 failed - setgroups (1: Operation not permitted)
E: setegid 65534 failed - setegid (22: Invalid argument)
E: seteuid 100 failed - seteuid (22: Invalid argument)
E: setgroups 0 failed - setgroups (1: Operation not permitted)
E: Method gave invalid 400 URI Failure message: Failed to setgroups - setgroups (1: Operation not permitted)
E: Method gave invalid 400 URI Failure message: Failed to setgroups - setgroups (1: Operation not permitted)
E: Method gave invalid 400 URI Failure message: Failed to setgroups - setgroups (1: Operation not permitted)
E: Method http has died unexpectedly!
E: Sub-process http returned an error code (112)
E: Method https has died unexpectedly!
E: Sub-process https returned an error code (112)
$ service postgresql start

postgresql: unrecognized service
