$ cd /workspace && ls -la
total 317784
drwxr-xr-x 841 root root 162713600 Oct  8 03:44 .
drwxr-xr-x   1 root root       138 Oct  8 03:32 ..
-rw-r--r--   1 root root  78228309 Oct  8 03:44 .MGXEnv.json
drwxr-xr-x   7 root root     24576 Oct  7 19:05 .MGXTools
drwxr-xr-x 572 root root  78184448 Oct  8 03:39 .git
-rw-r--r--   1 root root      1472 Sep 16 11:20 .gitattributes
-rw-r--r--   1 root root       476 Sep 16 11:20 .gitignore
-rw-r--r--   1 root root     25724 Oct  8 03:44 .timeline.json
-rw-r--r--   1 root root      4673 Oct  8 03:39 .wiki.md
drwxr-xr-x 151 root root   1724416 Oct  7 17:19 backend
drwxr-xr-x  11 root root    172032 Oct  6 06:07 docs
drwxr-xr-x   6 root root     20480 Oct  8 03:39 frontend
drwxr-xr-x  87 root root    610304 Oct  8 03:46 shadcn-ui
drwxr-xr-x   7 root root   3698688 Oct  8 03:32 uploads
$ cd /workspace/frontend && ls -la

total 158930
drwxr-xr-x   6 root root     20480 Oct  8 03:39 .
drwxr-xr-x 841 root root 162713600 Oct  8 03:47 ..
-rw-r--r--   1 root root       199 Oct  8 03:39 .env.local
drwxr-xr-x   3 root root      8192 Oct  8 03:39 app
-rw-r--r--   1 root root      1171 Oct  8 03:39 tailwind.config.ts
$ cd /workspace/frontend && cat package.json

cat: package.json: No such file or directory
$ cd /workspace/frontend && npm install axios @tanstack/react-query zustand framer-motion react-hook-form zod lucide-react sonner react-dropzone next-auth socket.io-client recharts clsx tailwind-merge


added 129 packages in 2m

24 packages are looking for funding
  run `npm fund` for details
$ cd /workspace/frontend && npm run build


> routix-frontend@0.1.0 build
> next build

 ⚠ Invalid next.config.js options detected: 
 ⚠     Unrecognized key(s) in object: 'appDir' at "experimental"
 ⚠ See more info here: https://nextjs.org/docs/messages/invalid-next-config
Attention: Next.js now collects completely anonymous telemetry regarding usage.
This information is used to shape Next.js' roadmap and prioritize features.
You can learn more, including how to opt-out if you'd not like to participate in this anonymous program, by visiting the following URL:
https://nextjs.org/telemetry

   ▲ Next.js 15.5.4
   - Environments: .env.local
   - Experiments (use with caution):
     ✓ appDir

   Creating an optimized production build ...
 ✓ Compiled successfully in 4.8s
   Linting and checking validity of types ...
It looks like you're trying to use TypeScript but do not have the required package(s) installed.
Installing dependencies

If you are not trying to use TypeScript, please remove the tsconfig.json file from your package root (and any TypeScript files in your app and pages directories).


Installing devDependencies (npm):
- typescript
- @types/react
- @types/node

npm WARN idealTree Removing dependencies.typescript in favor of devDependencies.typescript
npm WARN idealTree Removing dependencies.@types/react in favor of devDependencies.@types/react
npm WARN idealTree Removing dependencies.@types/node in favor of devDependencies.@types/node
npm WARN ERESOLVE overriding peer dependency
npm WARN deprecated inflight@1.0.6: This module is not supported, and leaks memory. Do not use it. Check out lru-cache if you want a good and tested way to coalesce async requests by a key value, which is much more comprehensive and powerful.
npm WARN deprecated rimraf@3.0.2: Rimraf versions prior to v4 are no longer supported
npm WARN deprecated @humanwhocodes/object-schema@2.0.3: Use @eslint/object-schema instead
npm WARN deprecated @humanwhocodes/config-array@0.13.0: Use @eslint/config-array instead
npm WARN deprecated glob@7.2.3: Glob versions prior to v9 are no longer supported
npm WARN deprecated eslint@8.57.1: This version is no longer supported. Please see https://eslint.org/version-support for other options.

added 356 packages, removed 18 packages, changed 19 packages, and audited 468 packages in 2m

159 packages are looking for funding
  run `npm fund` for details

1 critical severity vulnerability

To address all issues, run:
  npm audit fix --force

Run `npm audit` for details.

Failed to compile.

Type error: Cannot find module 'next/types.js' or its corresponding type declarations.

Next.js build worker exited with code: 1 and signal: null
